QA output created by 057
using backend farm store
Id MASKED Use Path
0 MASKED GB 48 MB /tmp/sheepdog/0/d0
1 MASKED GB 24 MB /tmp/sheepdog/0/d1
2 MASKED GB 32 MB /tmp/sheepdog/0/d2
Id MASKED Use Path
0 MASKED GB 16 MB /tmp/sheepdog/0/d0
1 MASKED GB 12 MB /tmp/sheepdog/0/d1
2 MASKED GB 32 MB /tmp/sheepdog/0/d2
3 MASKED GB 8.0 MB /tmp/sheepdog/0/d3
4 MASKED GB 28 MB /tmp/sheepdog/0/d4
finish check&repair test
Cluster status: running

Cluster created at DATE

Epoch Time           Version
DATE      2 [127.0.0.1:7000, 127.0.0.1:7001, 127.0.0.1:7002, 127.0.0.1:7003]
DATE      1 [127.0.0.1:7000, 127.0.0.1:7001, 127.0.0.1:7002]
Failed to execute request, look for sheep.log for more information
Nodes In Recovery:
  Id   Host:Port         V-Nodes       Zone
Id MASKED Use Path
0 MASKED GB 16 MB /tmp/sheepdog/0/d0
1 MASKED GB 12 MB /tmp/sheepdog/0/d1
2 MASKED GB 32 MB /tmp/sheepdog/0/d2
3 MASKED GB 8.0 MB /tmp/sheepdog/0/d3
4 MASKED GB 28 MB /tmp/sheepdog/0/d4
Id MASKED Use Path
0 MASKED GB 32 MB /tmp/sheepdog/0/d2
1 MASKED GB 24 MB /tmp/sheepdog/0/d3
2 MASKED GB 40 MB /tmp/sheepdog/0/d4
finish check&repair test
Cluster status: running

Cluster created at DATE

Epoch Time           Version
DATE      2 [127.0.0.1:7000, 127.0.0.1:7001, 127.0.0.1:7002, 127.0.0.1:7003]
DATE      1 [127.0.0.1:7000, 127.0.0.1:7001, 127.0.0.1:7002]
Failed to execute request, look for sheep.log for more information
Nodes In Recovery:
  Id   Host:Port         V-Nodes       Zone
Id MASKED Use Path
0 MASKED GB 32 MB /tmp/sheepdog/0/d2
1 MASKED GB 24 MB /tmp/sheepdog/0/d3
2 MASKED GB 40 MB /tmp/sheepdog/0/d4
Cluster status: running

Cluster created at DATE

Epoch Time           Version
DATE      2 [127.0.0.1:7000, 127.0.0.1:7001, 127.0.0.1:7002, 127.0.0.1:7003]
DATE      1 [127.0.0.1:7000, 127.0.0.1:7001, 127.0.0.1:7002]
